🔥 [Antigravity Hub] API Proxy REVOLUTION V3.0 (CLI Tunnel Integrated)
 * Serving Flask app 'local_api_proxy'
 * Debug mode: off
WARNING: This is a development server. Do not use it in a production deployment. Use a production WSGI server instead.
 * Running on http://127.0.0.1:12654
Press CTRL+C to quit
🔥 [Antigravity Hub] API Proxy REVOLUTION V3.0 (CLI Tunnel Integrated)
 * Serving Flask app 'local_api_proxy'
 * Debug mode: off
WARNING: This is a development server. Do not use it in a production deployment. Use a production WSGI server instead.
 * Running on http://127.0.0.1:12654
Press CTRL+C to quit
🔥 [Antigravity Hub] API Proxy REVOLUTION V3.0 (CLI Tunnel Integrated)
 * Serving Flask app 'local_api_proxy'
 * Debug mode: off
WARNING: This is a development server. Do not use it in a production deployment. Use a production WSGI server instead.
 * Running on http://127.0.0.1:12654
Press CTRL+C to quit
🔥 [Antigravity Hub] API Proxy REVOLUTION V3.0 (CLI Tunnel Integrated)
 * Serving Flask app 'local_api_proxy'
 * Debug mode: off
WARNING: This is a development server. Do not use it in a production deployment. Use a production WSGI server instead.
 * Running on http://127.0.0.1:12654
Press CTRL+C to quit
